******************************************************************************
                  TI ARM Linker PC v16.9.7                     
******************************************************************************
>> Linked Sat Mar 17 15:28:44 2018

OUTPUT FILE NAME:   <AutoBalanceBot.out>
ENTRY POINT SYMBOL: "_c_int00"  address: 000004d5


MEMORY CONFIGURATION

         name            origin    length      used     unused   attr    fill
----------------------  --------  ---------  --------  --------  ----  --------
  FLASH                 00000000   00040000  00000650  0003f9b0  R  X
  SRAM                  20000000   00008000  00000218  00007de8  RW X


SEGMENT ALLOCATION MAP

run origin  load origin   length   init length attrs members
----------  ----------- ---------- ----------- ----- -------
00000000    00000000    00000654   00000654    r-x
  00000000    00000000    0000026c   0000026c    r-- .intvecs
  0000026c    0000026c    000003c0   000003c0    r-x .text
  00000630    00000630    00000024   00000024    r-- .cinit
20000000    20000000    00000218   00000000    rw-
  20000000    20000000    00000200   00000000    rw- .stack
  20000200    20000200    00000018   00000000    rw- .data


SECTION ALLOCATION MAP

 output                                  attributes/
section   page    origin      length       input sections
--------  ----  ----------  ----------   ----------------
.intvecs   0    00000000    0000026c     
                  00000000    0000026c     tm4c123gh6pm_startup_ccs.obj (.intvecs)

.text      0    0000026c    000003c0     
                  0000026c    000000f4     driverlib.lib : sysctl.obj (.text:SysCtlClockSet)
                  00000360    0000009c     rtsv7M4_T_le_v4SPD16_eabi.lib : memcpy_t2.obj (.text)
                  000003fc    00000070                                   : autoinit.obj (.text)
                  0000046c    00000068                                   : copy_decompress_lzss.obj (.text:decompress:lzss)
                  000004d4    00000054                                   : boot.obj (.text)
                  00000528    00000054                                   : exit.obj (.text)
                  0000057c    0000004c                                   : cpy_tbl.obj (.text)
                  000005c8    00000018                                   : args_main.obj (.text)
                  000005e0    00000014                                   : _lock.obj (.text)
                  000005f4    00000010     main.obj (.text)
                  00000604    0000000e     rtsv7M4_T_le_v4SPD16_eabi.lib : copy_decompress_none.obj (.text:decompress:none)
                  00000612    0000000c     tm4c123gh6pm_startup_ccs.obj (.text)
                  0000061e    00000006     driverlib.lib : sysctl.obj (.text:SysCtlDelay)
                  00000624    00000004     rtsv7M4_T_le_v4SPD16_eabi.lib : pre_init.obj (.text)
                  00000628    00000002                                   : mpu_init.obj (.text)
                  0000062a    00000002                                   : startup.obj (.text)

.cinit     0    00000630    00000024     
                  00000630    00000011     (.cinit..data.load) [load image, compression = lzss]
                  00000641    00000003     --HOLE-- [fill = 0]
                  00000644    00000008     (__TI_handler_table)
                  0000064c    00000008     (__TI_cinit_table)

.init_array 
*          0    00000000    00000000     UNINITIALIZED

.stack     0    20000000    00000200     UNINITIALIZED
                  20000000    00000200     --HOLE--

.data      0    20000200    00000018     UNINITIALIZED
                  20000200    0000000c     rtsv7M4_T_le_v4SPD16_eabi.lib : exit.obj (.data:$O1$$)
                  2000020c    00000008                                   : _lock.obj (.data:$O1$$)
                  20000214    00000004                                   : stkdepth_vars.obj (.data)

MODULE SUMMARY

       Module                         code   ro data   rw data
       ------                         ----   -------   -------
    .\
       tm4c123gh6pm_startup_ccs.obj   12     620       0      
       main.obj                       16     0         0      
    +--+------------------------------+------+---------+---------+
       Total:                         28     620       0      
                                                              
    C:/ti/TivaWare_C_Series-2.1.4.178/driverlib/ccs/Debug/driverlib.lib
       sysctl.obj                     250    0         0      
    +--+------------------------------+------+---------+---------+
       Total:                         250    0         0      
                                                              
    C:\ti\ccsv7\tools\compiler\ti-cgt-arm_16.9.7.LTS\lib\rtsv7M4_T_le_v4SPD16_eabi.lib
       memcpy_t2.obj                  156    0         0      
       autoinit.obj                   112    0         0      
       copy_decompress_lzss.obj       104    0         0      
       exit.obj                       84     0         12     
       boot.obj                       84     0         0      
       cpy_tbl.obj                    76     0         0      
       _lock.obj                      20     0         8      
       args_main.obj                  24     0         0      
       copy_decompress_none.obj       14     0         0      
       pre_init.obj                   4      0         0      
       stkdepth_vars.obj              0      0         4      
       mpu_init.obj                   2      0         0      
       startup.obj                    2      0         0      
    +--+------------------------------+------+---------+---------+
       Total:                         682    0         24     
                                                              
       Stack:                         0      0         512    
       Linker Generated:              0      33        0      
    +--+------------------------------+------+---------+---------+
       Grand Total:                   960    653       536    


LINKER GENERATED COPY TABLES

__TI_cinit_table @ 0000064c records: 1, size/record: 8, table size: 8
	.data: load addr=00000630, load size=00000011 bytes, run addr=20000200, run size=00000018 bytes, compression=lzss


LINKER GENERATED HANDLER TABLE

__TI_handler_table @ 00000644 records: 2, size/record: 4, table size: 8
	index: 0, handler: __TI_decompress_lzss
	index: 1, handler: __TI_decompress_none


GLOBAL SYMBOLS: SORTED ALPHABETICALLY BY Name 

address   name                           
-------   ----                           
00000529  C$$EXIT                        
00000613  ResetISR                       
UNDEFED   SHT$$INIT_ARRAY$$Base          
UNDEFED   SHT$$INIT_ARRAY$$Limit         
0000026d  SysCtlClockSet                 
0000061f  SysCtlDelay                    
20000200  __STACK_END                    
00000200  __STACK_SIZE                   
20000200  __STACK_TOP                    
0000064c  __TI_CINIT_Base                
00000654  __TI_CINIT_Limit               
00000644  __TI_Handler_Table_Base        
0000064c  __TI_Handler_Table_Limit       
000003fd  __TI_auto_init                 
20000200  __TI_cleanup_ptr               
0000046d  __TI_decompress_lzss           
00000605  __TI_decompress_none           
20000204  __TI_dtors_ptr                 
20000208  __TI_enable_exit_profile_output
ffffffff  __TI_pprof_out_hndl            
ffffffff  __TI_prof_data_size            
ffffffff  __TI_prof_data_start           
00000000  __TI_static_base__             
00000361  __aeabi_memcpy                 
00000361  __aeabi_memcpy4                
00000361  __aeabi_memcpy8                
ffffffff  __binit__                      
ffffffff  __c_args__                     
00000629  __mpu_init                     
20000000  __stack                        
000005c9  _args_main                     
000004d5  _c_int00                       
2000020c  _lock                          
000005ef  _nop                           
000005e7  _register_lock                 
000005e1  _register_unlock               
0000062b  _system_post_cinit             
00000625  _system_pre_init               
20000210  _unlock                        
0000052d  abort                          
ffffffff  binit                          
0000057d  copy_in                        
00000535  exit                           
00000000  g_pfnVectors                   
000005f5  main                           
20000214  main_func_sp                   
00000361  memcpy                         


GLOBAL SYMBOLS: SORTED BY Symbol Address 

address   name                           
-------   ----                           
00000000  __TI_static_base__             
00000000  g_pfnVectors                   
00000200  __STACK_SIZE                   
0000026d  SysCtlClockSet                 
00000361  __aeabi_memcpy                 
00000361  __aeabi_memcpy4                
00000361  __aeabi_memcpy8                
00000361  memcpy                         
000003fd  __TI_auto_init                 
0000046d  __TI_decompress_lzss           
000004d5  _c_int00                       
00000529  C$$EXIT                        
0000052d  abort                          
00000535  exit                           
0000057d  copy_in                        
000005c9  _args_main                     
000005e1  _register_unlock               
000005e7  _register_lock                 
000005ef  _nop                           
000005f5  main                           
00000605  __TI_decompress_none           
00000613  ResetISR                       
0000061f  SysCtlDelay                    
00000625  _system_pre_init               
00000629  __mpu_init                     
0000062b  _system_post_cinit             
00000644  __TI_Handler_Table_Base        
0000064c  __TI_CINIT_Base                
0000064c  __TI_Handler_Table_Limit       
00000654  __TI_CINIT_Limit               
20000000  __stack                        
20000200  __STACK_END                    
20000200  __STACK_TOP                    
20000200  __TI_cleanup_ptr               
20000204  __TI_dtors_ptr                 
20000208  __TI_enable_exit_profile_output
2000020c  _lock                          
20000210  _unlock                        
20000214  main_func_sp                   
ffffffff  __TI_pprof_out_hndl            
ffffffff  __TI_prof_data_size            
ffffffff  __TI_prof_data_start           
ffffffff  __binit__                      
ffffffff  __c_args__                     
ffffffff  binit                          
UNDEFED   SHT$$INIT_ARRAY$$Base          
UNDEFED   SHT$$INIT_ARRAY$$Limit         

[47 symbols]
